{"timestamp":"2025-11-03T14:13:35.073Z","actorType":"vendor","actorId":5,"shopId":5,"vendorId":5,"action":"vendor.login.success","metadata":{"username":"southfoods"}}
{"timestamp":"2025-11-03T14:15:09.904Z","actorType":"vendor","actorId":5,"shopId":5,"vendorId":5,"action":"vendor.login.success","metadata":{"username":"southfoods"}}
{"timestamp":"2025-11-03T14:29:11.842Z","actorType":"vendor","actorId":5,"shopId":5,"vendorId":5,"action":"vendor.login.success","metadata":{"username":"southfoods"}}
{"timestamp":"2025-11-03T14:46:55.382Z","actorType":"vendor","actorId":2,"shopId":2,"vendorId":2,"action":"vendor.login.success","metadata":{"username":"southfoods"}}
{"timestamp":"2025-11-03T15:53:52.424Z","actorType":"vendor","actorId":5,"shopId":5,"vendorId":5,"action":"vendor.login.success","metadata":{"username":"northfoods"}}
{"timestamp":"2025-11-03T16:21:33.369Z","actorType":"vendor","actorId":1,"shopId":1,"vendorId":1,"action":"vendor.login.success","metadata":{"username":"northfoods"}}
{"timestamp":"2025-11-03T16:32:15.012Z","actorType":"vendor","actorId":1,"shopId":1,"vendorId":1,"action":"vendor.login.success","metadata":{"username":"northfoods"}}
{"timestamp":"2025-11-03T17:04:08.940Z","actorType":"vendor","actorId":2,"shopId":2,"vendorId":2,"action":"vendor.login.success","metadata":{"username":"southfoods"}}
{"timestamp":"2025-11-04T05:02:36.662Z","actorType":"vendor","actorId":1,"shopId":1,"vendorId":1,"action":"vendor.login.success","metadata":{"username":"northfoods"}}
{"timestamp":"2025-11-04T05:14:50.886Z","actorType":"vendor","actorId":1,"shopId":1,"vendorId":1,"action":"vendor.login.success","metadata":{"username":"northfoods"}}
{"timestamp":"2025-11-04T05:46:57.022Z","actorType":"vendor","actorId":1,"shopId":1,"vendorId":1,"action":"vendor.login.success","metadata":{"username":"northfoods"}}
{"timestamp":"2025-11-04T05:47:06.797Z","actorType":"vendor","actorId":1,"shopId":1,"vendorId":1,"action":"analytics.headcount.update","metadata":{"headcount":500}}
{"timestamp":"2025-11-04T06:12:25.976Z","actorType":"vendor","actorId":1,"shopId":1,"vendorId":1,"action":"vendor.login.success","metadata":{"username":"northfoods"}}
{"timestamp":"2025-11-04T06:24:32.269Z","actorType":"vendor","actorId":1,"shopId":1,"vendorId":1,"action":"vendor.login.success","metadata":{"username":"northfoods"}}
{"timestamp":"2025-11-04T06:44:26.844Z","actorType":"vendor","actorId":4,"shopId":4,"vendorId":4,"action":"vendor.login.success","metadata":{"username":"fastfoods"}}
{"timestamp":"2025-11-04T06:45:00.552Z","actorType":"vendor","actorId":4,"shopId":4,"vendorId":4,"action":"analytics.headcount.update","metadata":{"headcount":700}}
{"timestamp":"2025-11-04T06:49:38.726Z","actorType":"vendor","actorId":1,"shopId":1,"vendorId":1,"action":"vendor.login.success","metadata":{"username":"northfoods"}}
{"timestamp":"2025-11-04T12:52:37.398Z","actorType":"vendor","actorId":2,"shopId":2,"vendorId":2,"action":"vendor.login.success","metadata":{"username":"southfoods"}}
{"timestamp":"2025-11-04T12:52:37.578Z","actorType":"vendor","actorId":2,"shopId":2,"vendorId":2,"action":"interest.summary.viewed","metadata":{"itemCount":0}}
{"timestamp":"2025-11-04T12:52:37.633Z","actorType":"vendor","actorId":2,"shopId":2,"vendorId":2,"action":"interest.summary.viewed","metadata":{"itemCount":0}}
{"timestamp":"2025-11-04T14:54:49.463Z","actorType":"vendor","actorId":1,"shopId":1,"vendorId":1,"action":"vendor.login.success","metadata":{"username":"northfoods"}}
{"timestamp":"2025-11-04T14:54:49.530Z","actorType":"vendor","actorId":1,"shopId":1,"vendorId":1,"action":"interest.summary.viewed","metadata":{"itemCount":0}}
{"timestamp":"2025-11-04T14:54:49.546Z","actorType":"vendor","actorId":1,"shopId":1,"vendorId":1,"action":"interest.summary.viewed","metadata":{"itemCount":0}}
{"timestamp":"2025-11-04T15:07:00.140Z","actorType":"vendor","actorId":1,"shopId":1,"vendorId":1,"action":"vendor.login.success","metadata":{"username":"northfoods"}}
{"timestamp":"2025-11-04T15:07:00.647Z","actorType":"vendor","actorId":1,"shopId":1,"vendorId":1,"action":"interest.summary.viewed","metadata":{"itemCount":0}}
{"timestamp":"2025-11-04T15:07:00.719Z","actorType":"vendor","actorId":1,"shopId":1,"vendorId":1,"action":"interest.summary.viewed","metadata":{"itemCount":0}}
{"timestamp":"2025-11-04T15:07:04.321Z","actorType":"vendor","actorId":1,"shopId":1,"vendorId":1,"action":"interest.summary.viewed","metadata":{"itemCount":0}}
{"timestamp":"2025-11-04T15:07:47.483Z","actorType":"vendor","actorId":1,"shopId":1,"vendorId":1,"action":"interest.summary.viewed","metadata":{"itemCount":0}}
{"timestamp":"2025-11-04T15:07:47.528Z","actorType":"vendor","actorId":1,"shopId":1,"vendorId":1,"action":"interest.summary.viewed","metadata":{"itemCount":0}}
{"timestamp":"2025-11-04T17:50:32.638Z","actorType":"vendor","actorId":1,"shopId":1,"vendorId":1,"action":"vendor.login.success","metadata":{"username":"northfoods"}}
{"timestamp":"2025-11-04T17:50:32.815Z","actorType":"vendor","actorId":1,"shopId":1,"vendorId":1,"action":"interest.summary.viewed","metadata":{"itemCount":0}}
{"timestamp":"2025-11-04T17:50:32.846Z","actorType":"vendor","actorId":1,"shopId":1,"vendorId":1,"action":"interest.summary.viewed","metadata":{"itemCount":0}}
{"type":"points:order-processed","actor":{"type":"system","source":"order.create"},"employeeId":1,"orderId":24,"pointsEarned":2,"streakBonuses":0,"pointsConverted":0}
{"type":"points:order-processed","actor":{"type":"system","source":"order.create"},"employeeId":1,"orderId":25,"pointsEarned":2,"streakBonuses":0,"pointsConverted":0}
{"type":"points:order-processed","actor":{"type":"system","source":"order.create"},"employeeId":1,"orderId":26,"pointsEarned":2,"streakBonuses":1,"pointsConverted":0}
{"type":"points:order-processed","actor":{"type":"system","source":"order.create"},"employeeId":1,"orderId":27,"pointsEarned":2,"streakBonuses":0,"pointsConverted":0}
{"type":"points:order-processed","actor":{"type":"system","source":"order.create"},"employeeId":1,"orderId":28,"pointsEarned":2,"streakBonuses":0,"pointsConverted":0}
{"type":"points:order-processed","actor":{"type":"system","source":"order.create"},"employeeId":1,"orderId":29,"pointsEarned":2,"streakBonuses":1,"pointsConverted":0}
{"type":"points:order-processed","actor":{"type":"system","source":"order.create"},"employeeId":1,"orderId":30,"pointsEarned":2,"streakBonuses":0,"pointsConverted":0}
{"type":"points:order-processed","actor":{"type":"system","source":"order.create"},"employeeId":1,"orderId":31,"pointsEarned":2,"streakBonuses":0,"pointsConverted":0}
{"type":"points:order-processed","actor":{"type":"system","source":"order.create"},"employeeId":1,"orderId":32,"pointsEarned":2,"streakBonuses":0,"pointsConverted":0}
{"type":"points:order-processed","actor":{"type":"system","source":"order.create"},"employeeId":1,"orderId":33,"pointsEarned":2,"streakBonuses":0,"pointsConverted":0}
{"type":"points:order-processed","actor":{"type":"system","source":"order.create"},"employeeId":1,"orderId":34,"pointsEarned":2,"streakBonuses":0,"pointsConverted":0}
{"type":"points:order-processed","actor":{"type":"system","source":"order.create"},"employeeId":1,"orderId":35,"pointsEarned":2,"streakBonuses":0,"pointsConverted":0}
{"type":"points:order-processed","actor":{"type":"system","source":"order.create"},"employeeId":1,"orderId":36,"pointsEarned":2,"streakBonuses":0,"pointsConverted":0}
{"type":"points:order-processed","actor":{"type":"system","source":"order.create"},"employeeId":1,"orderId":37,"pointsEarned":2,"streakBonuses":0,"pointsConverted":30}
{"type":"points:order-processed","actor":{"type":"system","source":"order.create"},"employeeId":1,"orderId":38,"pointsEarned":2,"streakBonuses":0,"pointsConverted":0}
{"timestamp":"2025-11-04T18:00:24.366Z","actorType":"vendor","actorId":1,"shopId":1,"vendorId":1,"action":"vendor.login.success","metadata":{"username":"northfoods"}}
{"timestamp":"2025-11-04T18:00:24.414Z","actorType":"vendor","actorId":1,"shopId":1,"vendorId":1,"action":"interest.summary.viewed","metadata":{"itemCount":0}}
{"timestamp":"2025-11-04T18:00:24.431Z","actorType":"vendor","actorId":1,"shopId":1,"vendorId":1,"action":"interest.summary.viewed","metadata":{"itemCount":0}}
{"type":"points:order-processed","actor":{"type":"system","source":"order.create"},"employeeId":1,"orderId":39,"pointsEarned":15,"streakBonuses":0,"pointsConverted":0}
{"timestamp":"2025-11-04T18:44:01.227Z","actorType":"employee","actorId":"1","shopId":"1","vendorId":1,"action":"interest.expressed","metadata":{"itemId":"4","deduped":false}}
{"timestamp":"2025-11-04T18:44:33.710Z","actorType":"vendor","actorId":1,"shopId":1,"vendorId":1,"action":"vendor.login.success","metadata":{"username":"northfoods"}}
{"timestamp":"2025-11-04T18:44:33.834Z","actorType":"vendor","actorId":1,"shopId":1,"vendorId":1,"action":"interest.summary.viewed","metadata":{"itemCount":1}}
{"timestamp":"2025-11-04T18:44:33.879Z","actorType":"vendor","actorId":1,"shopId":1,"vendorId":1,"action":"interest.summary.viewed","metadata":{"itemCount":1}}
{"timestamp":"2025-11-04T19:01:24.505Z","actorType":"vendor","actorId":1,"shopId":1,"vendorId":1,"action":"vendor.login.success","metadata":{"username":"northfoods"}}
{"timestamp":"2025-11-04T19:01:24.646Z","actorType":"vendor","actorId":1,"shopId":1,"vendorId":1,"action":"interest.summary.viewed","metadata":{"itemCount":1}}
{"timestamp":"2025-11-04T19:01:24.703Z","actorType":"vendor","actorId":1,"shopId":1,"vendorId":1,"action":"interest.summary.viewed","metadata":{"itemCount":1}}
{"timestamp":"2025-11-04T19:01:40.162Z","actorType":"vendor","actorId":1,"shopId":1,"vendorId":1,"action":"interest.threshold.updated","metadata":{"previous":null,"next":1}}
{"timestamp":"2025-11-04T19:01:40.178Z","actorType":"vendor","actorId":1,"shopId":1,"vendorId":1,"action":"interest.summary.viewed","metadata":{"itemCount":1}}
{"timestamp":"2025-11-04T19:01:55.654Z","actorType":"vendor","actorId":1,"shopId":1,"vendorId":1,"action":"interest.summary.viewed","metadata":{"itemCount":1}}
{"timestamp":"2025-11-04T19:01:56.549Z","actorType":"vendor","actorId":1,"shopId":1,"vendorId":1,"action":"interest.summary.viewed","metadata":{"itemCount":1}}
{"timestamp":"2025-11-04T19:03:06.014Z","actorType":"vendor","actorId":1,"shopId":1,"vendorId":1,"action":"interest.summary.viewed","metadata":{"itemCount":1}}
{"timestamp":"2025-11-04T19:03:06.051Z","actorType":"vendor","actorId":1,"shopId":1,"vendorId":1,"action":"interest.summary.viewed","metadata":{"itemCount":1}}
{"timestamp":"2025-11-04T19:03:08.808Z","actorType":"vendor","actorId":1,"shopId":1,"vendorId":1,"action":"interest.summary.viewed","metadata":{"itemCount":1}}
{"timestamp":"2025-11-04T19:03:08.904Z","actorType":"vendor","actorId":1,"shopId":1,"vendorId":1,"action":"interest.summary.viewed","metadata":{"itemCount":1}}
{"timestamp":"2025-11-04T19:39:47.800Z","actorType":"vendor","actorId":1,"shopId":1,"vendorId":1,"action":"vendor.login.success","metadata":{"username":"northfoods"}}
{"timestamp":"2025-11-04T19:39:55.285Z","actorType":"vendor","actorId":1,"shopId":1,"vendorId":1,"action":"interest.summary.viewed","metadata":{"itemCount":1}}
{"timestamp":"2025-11-04T19:40:01.215Z","actorType":"vendor","actorId":1,"shopId":1,"vendorId":1,"action":"interest.threshold.updated","metadata":{"previous":1,"next":10}}
{"timestamp":"2025-11-04T19:40:01.235Z","actorType":"vendor","actorId":1,"shopId":1,"vendorId":1,"action":"interest.summary.viewed","metadata":{"itemCount":1}}
{"timestamp":"2025-11-04T19:40:04.219Z","actorType":"vendor","actorId":1,"shopId":1,"vendorId":1,"action":"interest.summary.viewed","metadata":{"itemCount":1}}
{"timestamp":"2025-11-04T19:40:05.407Z","actorType":"vendor","actorId":1,"shopId":1,"vendorId":1,"action":"interest.summary.viewed","metadata":{"itemCount":1}}
{"timestamp":"2025-11-04T19:40:12.434Z","actorType":"vendor","actorId":1,"shopId":1,"vendorId":1,"action":"interest.summary.viewed","metadata":{"itemCount":1}}
{"timestamp":"2025-11-04T19:59:09.950Z","actorType":"vendor","actorId":1,"shopId":1,"vendorId":1,"action":"vendor.login.success","metadata":{"username":"northfoods"}}
{"timestamp":"2025-11-04T20:06:20.431Z","actorType":"vendor","actorId":1,"shopId":1,"vendorId":1,"action":"vendor.login.success","metadata":{"username":"northfoods"}}
{"timestamp":"2025-11-04T20:09:37.382Z","actorType":"vendor","actorId":1,"shopId":1,"vendorId":1,"action":"vendor.login.success","metadata":{"username":"northfoods"}}
{"timestamp":"2025-11-05T13:43:27.023Z","actorType":"vendor","actorId":1,"shopId":1,"vendorId":1,"action":"vendor.login.success","metadata":{"username":"northfoods"}}
{"timestamp":"2025-11-05T13:47:58.003Z","actorType":"vendor","actorId":1,"shopId":1,"vendorId":1,"action":"vendor.login.success","metadata":{"username":"northfoods"}}
{"type":"points:order-processed","actor":{"type":"system","source":"order.create"},"employeeId":1,"orderId":40,"pointsEarned":0,"streakBonuses":0,"pointsConverted":0}
{"timestamp":"2025-11-05T16:47:18.146Z","actorType":"vendor","actorId":1,"shopId":1,"vendorId":1,"action":"vendor.login.success","metadata":{"username":"northfoods"}}
{"timestamp":"2025-11-05T16:48:23.997Z","actorType":"vendor","actorId":2,"shopId":2,"vendorId":2,"action":"vendor.login.success","metadata":{"username":"southfoods"}}
{"timestamp":"2025-11-05T16:48:50.305Z","actorType":"vendor","actorId":2,"shopId":2,"vendorId":2,"action":"interest.summary.viewed","metadata":{"itemCount":0}}
{"type":"points:order-processed","actor":{"type":"system","source":"order.create"},"employeeId":1,"orderId":41,"pointsEarned":15,"streakBonuses":1,"pointsConverted":30}
{"timestamp":"2025-11-05T16:51:22.010Z","actorType":"vendor","actorId":2,"shopId":2,"vendorId":2,"action":"vendor.login.success","metadata":{"username":"southfoods"}}
